[2025-06-08T18:39:15.960Z] [ORCHESTRATOR-ERROR] Error processing chat message
{
  "error": "this._sendToMLService is not a function",
  "stack": "TypeError: this._sendToMLService is not a function\n    at OrchestratorService.processChatMessage (C:\\multi-agentic-system\\node-api\\services\\orchestrator.service.js:71:43)\n    at ChatController.processMessage (C:\\multi-agentic-system\\node-api\\controllers\\chat.controller.js:136:49)\n    at process.processTicksAndRejections (node:internal/process/task_queues:105:5)",
  "userId": "user-1",
  "sessionId": 77
}

[2025-06-08T18:39:15.965Z] [ERROR] Error processing chat message
{
  "error": "this._sendToMLService is not a function",
  "stack": "TypeError: this._sendToMLService is not a function\n    at OrchestratorService.processChatMessage (C:\\multi-agentic-system\\node-api\\services\\orchestrator.service.js:71:43)\n    at ChatController.processMessage (C:\\multi-agentic-system\\node-api\\controllers\\chat.controller.js:136:49)\n    at process.processTicksAndRejections (node:internal/process/task_queues:105:5)"
}

[2025-06-08T19:01:11.552Z] [ORCHESTRATOR-ERROR] Error communicating with ML service
{
  "error": "Request failed with status code 400",
  "stack": "AxiosError: Request failed with status code 400\n    at settle (C:\\multi-agentic-system\\node-api\\node_modules\\axios\\dist\\node\\axios.cjs:2049:12)\n    at IncomingMessage.handleStreamEnd (C:\\multi-agentic-system\\node-api\\node_modules\\axios\\dist\\node\\axios.cjs:3166:11)\n    at IncomingMessage.emit (node:events:532:35)\n    at endReadableNT (node:internal/streams/readable:1696:12)\n    at process.processTicksAndRejections (node:internal/process/task_queues:90:21)\n    at Axios.request (C:\\multi-agentic-system\\node-api\\node_modules\\axios\\dist\\node\\axios.cjs:4276:41)\n    at process.processTicksAndRejections (node:internal/process/task_queues:105:5)\n    at async OrchestratorService._sendToMLService (C:\\multi-agentic-system\\node-api\\services\\orchestrator.service.js:342:30)\n    at async OrchestratorService.processChatMessage (C:\\multi-agentic-system\\node-api\\services\\orchestrator.service.js:71:32)\n    at async ChatController.processMessage (C:\\multi-agentic-system\\node-api\\controllers\\chat.controller.js:136:30)",
  "requestContent": "hi",
  "sessionId": 77
}

[2025-06-08T19:01:11.555Z] [ORCHESTRATOR-ERROR] Error processing chat message
{
  "error": "Request failed with status code 400",
  "stack": "AxiosError: Request failed with status code 400\n    at settle (C:\\multi-agentic-system\\node-api\\node_modules\\axios\\dist\\node\\axios.cjs:2049:12)\n    at IncomingMessage.handleStreamEnd (C:\\multi-agentic-system\\node-api\\node_modules\\axios\\dist\\node\\axios.cjs:3166:11)\n    at IncomingMessage.emit (node:events:532:35)\n    at endReadableNT (node:internal/streams/readable:1696:12)\n    at process.processTicksAndRejections (node:internal/process/task_queues:90:21)\n    at Axios.request (C:\\multi-agentic-system\\node-api\\node_modules\\axios\\dist\\node\\axios.cjs:4276:41)\n    at process.processTicksAndRejections (node:internal/process/task_queues:105:5)\n    at async OrchestratorService._sendToMLService (C:\\multi-agentic-system\\node-api\\services\\orchestrator.service.js:342:30)\n    at async OrchestratorService.processChatMessage (C:\\multi-agentic-system\\node-api\\services\\orchestrator.service.js:71:32)\n    at async ChatController.processMessage (C:\\multi-agentic-system\\node-api\\controllers\\chat.controller.js:136:30)",
  "userId": "user-1",
  "sessionId": 77
}

[2025-06-08T19:01:11.556Z] [ERROR] Error processing chat message
{
  "error": "Request failed with status code 400",
  "stack": "AxiosError: Request failed with status code 400\n    at settle (C:\\multi-agentic-system\\node-api\\node_modules\\axios\\dist\\node\\axios.cjs:2049:12)\n    at IncomingMessage.handleStreamEnd (C:\\multi-agentic-system\\node-api\\node_modules\\axios\\dist\\node\\axios.cjs:3166:11)\n    at IncomingMessage.emit (node:events:532:35)\n    at endReadableNT (node:internal/streams/readable:1696:12)\n    at process.processTicksAndRejections (node:internal/process/task_queues:90:21)\n    at Axios.request (C:\\multi-agentic-system\\node-api\\node_modules\\axios\\dist\\node\\axios.cjs:4276:41)\n    at process.processTicksAndRejections (node:internal/process/task_queues:105:5)\n    at async OrchestratorService._sendToMLService (C:\\multi-agentic-system\\node-api\\services\\orchestrator.service.js:342:30)\n    at async OrchestratorService.processChatMessage (C:\\multi-agentic-system\\node-api\\services\\orchestrator.service.js:71:32)\n    at async ChatController.processMessage (C:\\multi-agentic-system\\node-api\\controllers\\chat.controller.js:136:30)"
}

[2025-06-08T20:34:48.393Z] [ERROR] Error fetching team tools
{
  "message": "Request failed with status code 500",
  "name": "AxiosError",
  "stack": "AxiosError: Request failed with status code 500\n    at settle (C:\\multi-agentic-system\\node-api\\node_modules\\axios\\dist\\node\\axios.cjs:2049:12)\n    at IncomingMessage.handleStreamEnd (C:\\multi-agentic-system\\node-api\\node_modules\\axios\\dist\\node\\axios.cjs:3166:11)\n    at IncomingMessage.emit (node:events:532:35)\n    at endReadableNT (node:internal/streams/readable:1696:12)\n    at process.processTicksAndRejections (node:internal/process/task_queues:90:21)\n    at Axios.request (C:\\multi-agentic-system\\node-api\\node_modules\\axios\\dist\\node\\axios.cjs:4276:41)\n    at process.processTicksAndRejections (node:internal/process/task_queues:105:5)\n    at async OrchestratorService._fetchTeamTools (C:\\multi-agentic-system\\node-api\\services\\orchestrator.service.js:142:34)\n    at async OrchestratorService._handleSystemQuestion (C:\\multi-agentic-system\\node-api\\services\\orchestrator.service.js:188:35)\n    at async OrchestratorService.processChatMessage (C:\\multi-agentic-system\\node-api\\services\\orchestrator.service.js:270:34)\n    at async ChatController.processMessage (C:\\multi-agentic-system\\node-api\\controllers\\chat.controller.js:136:30)",
  "config": {
    "transitional": {
      "silentJSONParsing": true,
      "forcedJSONParsing": true,
      "clarifyTimeoutError": false
    },
    "adapter": [
      "xhr",
      "http",
      "fetch"
    ],
    "transformRequest": [
      null
    ],
    "transformResponse": [
      null
    ],
    "timeout": 0,
    "xsrfCookieName": "XSRF-TOKEN",
    "xsrfHeaderName": "X-XSRF-TOKEN",
    "maxContentLength": -1,
    "maxBodyLength": -1,
    "env": {},
    "headers": {
      "Accept": "application/json, text/plain, */*",
      "User-Agent": "axios/1.9.0",
      "Accept-Encoding": "gzip, compress, deflate, br"
    },
    "method": "get",
    "url": "http://localhost:5000/api/ml/team/77/members",
    "allowAbsoluteUrls": true
  },
  "code": "ERR_BAD_RESPONSE",
  "status": 500
}

[2025-06-08T20:34:48.397Z] [ERROR] Error handling system question
{
  "message": "Request failed with status code 500",
  "name": "AxiosError",
  "stack": "AxiosError: Request failed with status code 500\n    at settle (C:\\multi-agentic-system\\node-api\\node_modules\\axios\\dist\\node\\axios.cjs:2049:12)\n    at IncomingMessage.handleStreamEnd (C:\\multi-agentic-system\\node-api\\node_modules\\axios\\dist\\node\\axios.cjs:3166:11)\n    at IncomingMessage.emit (node:events:532:35)\n    at endReadableNT (node:internal/streams/readable:1696:12)\n    at process.processTicksAndRejections (node:internal/process/task_queues:90:21)\n    at Axios.request (C:\\multi-agentic-system\\node-api\\node_modules\\axios\\dist\\node\\axios.cjs:4276:41)\n    at process.processTicksAndRejections (node:internal/process/task_queues:105:5)\n    at async OrchestratorService._fetchTeamTools (C:\\multi-agentic-system\\node-api\\services\\orchestrator.service.js:142:34)\n    at async OrchestratorService._handleSystemQuestion (C:\\multi-agentic-system\\node-api\\services\\orchestrator.service.js:188:35)\n    at async OrchestratorService.processChatMessage (C:\\multi-agentic-system\\node-api\\services\\orchestrator.service.js:270:34)\n    at async ChatController.processMessage (C:\\multi-agentic-system\\node-api\\controllers\\chat.controller.js:136:30)",
  "config": {
    "transitional": {
      "silentJSONParsing": true,
      "forcedJSONParsing": true,
      "clarifyTimeoutError": false
    },
    "adapter": [
      "xhr",
      "http",
      "fetch"
    ],
    "transformRequest": [
      null
    ],
    "transformResponse": [
      null
    ],
    "timeout": 0,
    "xsrfCookieName": "XSRF-TOKEN",
    "xsrfHeaderName": "X-XSRF-TOKEN",
    "maxContentLength": -1,
    "maxBodyLength": -1,
    "env": {},
    "headers": {
      "Accept": "application/json, text/plain, */*",
      "User-Agent": "axios/1.9.0",
      "Accept-Encoding": "gzip, compress, deflate, br"
    },
    "method": "get",
    "url": "http://localhost:5000/api/ml/team/77/members",
    "allowAbsoluteUrls": true
  },
  "code": "ERR_BAD_RESPONSE",
  "status": 500
}

[2025-06-08T20:34:48.398Z] [ORCHESTRATOR-ERROR] Error processing chat message
{
  "error": "Request failed with status code 500",
  "stack": "AxiosError: Request failed with status code 500\n    at settle (C:\\multi-agentic-system\\node-api\\node_modules\\axios\\dist\\node\\axios.cjs:2049:12)\n    at IncomingMessage.handleStreamEnd (C:\\multi-agentic-system\\node-api\\node_modules\\axios\\dist\\node\\axios.cjs:3166:11)\n    at IncomingMessage.emit (node:events:532:35)\n    at endReadableNT (node:internal/streams/readable:1696:12)\n    at process.processTicksAndRejections (node:internal/process/task_queues:90:21)\n    at Axios.request (C:\\multi-agentic-system\\node-api\\node_modules\\axios\\dist\\node\\axios.cjs:4276:41)\n    at process.processTicksAndRejections (node:internal/process/task_queues:105:5)\n    at async OrchestratorService._fetchTeamTools (C:\\multi-agentic-system\\node-api\\services\\orchestrator.service.js:142:34)\n    at async OrchestratorService._handleSystemQuestion (C:\\multi-agentic-system\\node-api\\services\\orchestrator.service.js:188:35)\n    at async OrchestratorService.processChatMessage (C:\\multi-agentic-system\\node-api\\services\\orchestrator.service.js:270:34)\n    at async ChatController.processMessage (C:\\multi-agentic-system\\node-api\\controllers\\chat.controller.js:136:30)",
  "userId": "user-1",
  "sessionId": 77
}

[2025-06-08T20:34:48.399Z] [ERROR] Error processing chat message
{
  "error": "Request failed with status code 500",
  "stack": "AxiosError: Request failed with status code 500\n    at settle (C:\\multi-agentic-system\\node-api\\node_modules\\axios\\dist\\node\\axios.cjs:2049:12)\n    at IncomingMessage.handleStreamEnd (C:\\multi-agentic-system\\node-api\\node_modules\\axios\\dist\\node\\axios.cjs:3166:11)\n    at IncomingMessage.emit (node:events:532:35)\n    at endReadableNT (node:internal/streams/readable:1696:12)\n    at process.processTicksAndRejections (node:internal/process/task_queues:90:21)\n    at Axios.request (C:\\multi-agentic-system\\node-api\\node_modules\\axios\\dist\\node\\axios.cjs:4276:41)\n    at process.processTicksAndRejections (node:internal/process/task_queues:105:5)\n    at async OrchestratorService._fetchTeamTools (C:\\multi-agentic-system\\node-api\\services\\orchestrator.service.js:142:34)\n    at async OrchestratorService._handleSystemQuestion (C:\\multi-agentic-system\\node-api\\services\\orchestrator.service.js:188:35)\n    at async OrchestratorService.processChatMessage (C:\\multi-agentic-system\\node-api\\services\\orchestrator.service.js:270:34)\n    at async ChatController.processMessage (C:\\multi-agentic-system\\node-api\\controllers\\chat.controller.js:136:30)"
}

[2025-06-08T20:40:56.143Z] [ERROR] Error fetching team tools
{
  "message": "Request failed with status code 500",
  "name": "AxiosError",
  "stack": "AxiosError: Request failed with status code 500\n    at settle (C:\\multi-agentic-system\\node-api\\node_modules\\axios\\dist\\node\\axios.cjs:2049:12)\n    at IncomingMessage.handleStreamEnd (C:\\multi-agentic-system\\node-api\\node_modules\\axios\\dist\\node\\axios.cjs:3166:11)\n    at IncomingMessage.emit (node:events:532:35)\n    at endReadableNT (node:internal/streams/readable:1696:12)\n    at process.processTicksAndRejections (node:internal/process/task_queues:90:21)\n    at Axios.request (C:\\multi-agentic-system\\node-api\\node_modules\\axios\\dist\\node\\axios.cjs:4276:41)\n    at process.processTicksAndRejections (node:internal/process/task_queues:105:5)\n    at async OrchestratorService._fetchTeamTools (C:\\multi-agentic-system\\node-api\\services\\orchestrator.service.js:142:34)\n    at async OrchestratorService._handleSystemQuestion (C:\\multi-agentic-system\\node-api\\services\\orchestrator.service.js:188:35)\n    at async OrchestratorService.processChatMessage (C:\\multi-agentic-system\\node-api\\services\\orchestrator.service.js:297:34)\n    at async ChatController.processMessage (C:\\multi-agentic-system\\node-api\\controllers\\chat.controller.js:136:30)",
  "config": {
    "transitional": {
      "silentJSONParsing": true,
      "forcedJSONParsing": true,
      "clarifyTimeoutError": false
    },
    "adapter": [
      "xhr",
      "http",
      "fetch"
    ],
    "transformRequest": [
      null
    ],
    "transformResponse": [
      null
    ],
    "timeout": 0,
    "xsrfCookieName": "XSRF-TOKEN",
    "xsrfHeaderName": "X-XSRF-TOKEN",
    "maxContentLength": -1,
    "maxBodyLength": -1,
    "env": {},
    "headers": {
      "Accept": "application/json, text/plain, */*",
      "User-Agent": "axios/1.9.0",
      "Accept-Encoding": "gzip, compress, deflate, br"
    },
    "method": "get",
    "url": "http://localhost:5000/api/ml/team/77/members",
    "allowAbsoluteUrls": true
  },
  "code": "ERR_BAD_RESPONSE",
  "status": 500
}

[2025-06-08T20:40:56.145Z] [ERROR] Error handling system question
{
  "message": "Request failed with status code 500",
  "name": "AxiosError",
  "stack": "AxiosError: Request failed with status code 500\n    at settle (C:\\multi-agentic-system\\node-api\\node_modules\\axios\\dist\\node\\axios.cjs:2049:12)\n    at IncomingMessage.handleStreamEnd (C:\\multi-agentic-system\\node-api\\node_modules\\axios\\dist\\node\\axios.cjs:3166:11)\n    at IncomingMessage.emit (node:events:532:35)\n    at endReadableNT (node:internal/streams/readable:1696:12)\n    at process.processTicksAndRejections (node:internal/process/task_queues:90:21)\n    at Axios.request (C:\\multi-agentic-system\\node-api\\node_modules\\axios\\dist\\node\\axios.cjs:4276:41)\n    at process.processTicksAndRejections (node:internal/process/task_queues:105:5)\n    at async OrchestratorService._fetchTeamTools (C:\\multi-agentic-system\\node-api\\services\\orchestrator.service.js:142:34)\n    at async OrchestratorService._handleSystemQuestion (C:\\multi-agentic-system\\node-api\\services\\orchestrator.service.js:188:35)\n    at async OrchestratorService.processChatMessage (C:\\multi-agentic-system\\node-api\\services\\orchestrator.service.js:297:34)\n    at async ChatController.processMessage (C:\\multi-agentic-system\\node-api\\controllers\\chat.controller.js:136:30)",
  "config": {
    "transitional": {
      "silentJSONParsing": true,
      "forcedJSONParsing": true,
      "clarifyTimeoutError": false
    },
    "adapter": [
      "xhr",
      "http",
      "fetch"
    ],
    "transformRequest": [
      null
    ],
    "transformResponse": [
      null
    ],
    "timeout": 0,
    "xsrfCookieName": "XSRF-TOKEN",
    "xsrfHeaderName": "X-XSRF-TOKEN",
    "maxContentLength": -1,
    "maxBodyLength": -1,
    "env": {},
    "headers": {
      "Accept": "application/json, text/plain, */*",
      "User-Agent": "axios/1.9.0",
      "Accept-Encoding": "gzip, compress, deflate, br"
    },
    "method": "get",
    "url": "http://localhost:5000/api/ml/team/77/members",
    "allowAbsoluteUrls": true
  },
  "code": "ERR_BAD_RESPONSE",
  "status": 500
}

[2025-06-08T20:40:56.147Z] [ORCHESTRATOR-ERROR] Error processing chat message
{
  "error": "Request failed with status code 500",
  "stack": "AxiosError: Request failed with status code 500\n    at settle (C:\\multi-agentic-system\\node-api\\node_modules\\axios\\dist\\node\\axios.cjs:2049:12)\n    at IncomingMessage.handleStreamEnd (C:\\multi-agentic-system\\node-api\\node_modules\\axios\\dist\\node\\axios.cjs:3166:11)\n    at IncomingMessage.emit (node:events:532:35)\n    at endReadableNT (node:internal/streams/readable:1696:12)\n    at process.processTicksAndRejections (node:internal/process/task_queues:90:21)\n    at Axios.request (C:\\multi-agentic-system\\node-api\\node_modules\\axios\\dist\\node\\axios.cjs:4276:41)\n    at process.processTicksAndRejections (node:internal/process/task_queues:105:5)\n    at async OrchestratorService._fetchTeamTools (C:\\multi-agentic-system\\node-api\\services\\orchestrator.service.js:142:34)\n    at async OrchestratorService._handleSystemQuestion (C:\\multi-agentic-system\\node-api\\services\\orchestrator.service.js:188:35)\n    at async OrchestratorService.processChatMessage (C:\\multi-agentic-system\\node-api\\services\\orchestrator.service.js:297:34)\n    at async ChatController.processMessage (C:\\multi-agentic-system\\node-api\\controllers\\chat.controller.js:136:30)",
  "userId": "user-1",
  "sessionId": 77
}

[2025-06-08T20:40:56.148Z] [ERROR] Error processing chat message
{
  "error": "Request failed with status code 500",
  "stack": "AxiosError: Request failed with status code 500\n    at settle (C:\\multi-agentic-system\\node-api\\node_modules\\axios\\dist\\node\\axios.cjs:2049:12)\n    at IncomingMessage.handleStreamEnd (C:\\multi-agentic-system\\node-api\\node_modules\\axios\\dist\\node\\axios.cjs:3166:11)\n    at IncomingMessage.emit (node:events:532:35)\n    at endReadableNT (node:internal/streams/readable:1696:12)\n    at process.processTicksAndRejections (node:internal/process/task_queues:90:21)\n    at Axios.request (C:\\multi-agentic-system\\node-api\\node_modules\\axios\\dist\\node\\axios.cjs:4276:41)\n    at process.processTicksAndRejections (node:internal/process/task_queues:105:5)\n    at async OrchestratorService._fetchTeamTools (C:\\multi-agentic-system\\node-api\\services\\orchestrator.service.js:142:34)\n    at async OrchestratorService._handleSystemQuestion (C:\\multi-agentic-system\\node-api\\services\\orchestrator.service.js:188:35)\n    at async OrchestratorService.processChatMessage (C:\\multi-agentic-system\\node-api\\services\\orchestrator.service.js:297:34)\n    at async ChatController.processMessage (C:\\multi-agentic-system\\node-api\\controllers\\chat.controller.js:136:30)"
}

[2025-06-09T02:41:02.251Z] [ERROR] Error fetching team tools
{
  "message": "Request failed with status code 500",
  "name": "AxiosError",
  "stack": "AxiosError: Request failed with status code 500\n    at settle (C:\\multi-agentic-system\\node-api\\node_modules\\axios\\dist\\node\\axios.cjs:2049:12)\n    at IncomingMessage.handleStreamEnd (C:\\multi-agentic-system\\node-api\\node_modules\\axios\\dist\\node\\axios.cjs:3166:11)\n    at IncomingMessage.emit (node:events:532:35)\n    at endReadableNT (node:internal/streams/readable:1696:12)\n    at process.processTicksAndRejections (node:internal/process/task_queues:90:21)\n    at Axios.request (C:\\multi-agentic-system\\node-api\\node_modules\\axios\\dist\\node\\axios.cjs:4276:41)\n    at process.processTicksAndRejections (node:internal/process/task_queues:105:5)\n    at async OrchestratorService._fetchTeamTools (C:\\multi-agentic-system\\node-api\\services\\orchestrator.service.js:142:34)\n    at async OrchestratorService._handleSystemQuestion (C:\\multi-agentic-system\\node-api\\services\\orchestrator.service.js:188:35)\n    at async OrchestratorService.processChatMessage (C:\\multi-agentic-system\\node-api\\services\\orchestrator.service.js:297:34)\n    at async ChatController.processMessage (C:\\multi-agentic-system\\node-api\\controllers\\chat.controller.js:136:30)",
  "config": {
    "transitional": {
      "silentJSONParsing": true,
      "forcedJSONParsing": true,
      "clarifyTimeoutError": false
    },
    "adapter": [
      "xhr",
      "http",
      "fetch"
    ],
    "transformRequest": [
      null
    ],
    "transformResponse": [
      null
    ],
    "timeout": 0,
    "xsrfCookieName": "XSRF-TOKEN",
    "xsrfHeaderName": "X-XSRF-TOKEN",
    "maxContentLength": -1,
    "maxBodyLength": -1,
    "env": {},
    "headers": {
      "Accept": "application/json, text/plain, */*",
      "User-Agent": "axios/1.9.0",
      "Accept-Encoding": "gzip, compress, deflate, br"
    },
    "method": "get",
    "url": "http://localhost:5000/api/ml/team/77/members",
    "allowAbsoluteUrls": true
  },
  "code": "ERR_BAD_RESPONSE",
  "status": 500
}

[2025-06-09T02:41:02.253Z] [ERROR] Error handling system question
{
  "message": "Request failed with status code 500",
  "name": "AxiosError",
  "stack": "AxiosError: Request failed with status code 500\n    at settle (C:\\multi-agentic-system\\node-api\\node_modules\\axios\\dist\\node\\axios.cjs:2049:12)\n    at IncomingMessage.handleStreamEnd (C:\\multi-agentic-system\\node-api\\node_modules\\axios\\dist\\node\\axios.cjs:3166:11)\n    at IncomingMessage.emit (node:events:532:35)\n    at endReadableNT (node:internal/streams/readable:1696:12)\n    at process.processTicksAndRejections (node:internal/process/task_queues:90:21)\n    at Axios.request (C:\\multi-agentic-system\\node-api\\node_modules\\axios\\dist\\node\\axios.cjs:4276:41)\n    at process.processTicksAndRejections (node:internal/process/task_queues:105:5)\n    at async OrchestratorService._fetchTeamTools (C:\\multi-agentic-system\\node-api\\services\\orchestrator.service.js:142:34)\n    at async OrchestratorService._handleSystemQuestion (C:\\multi-agentic-system\\node-api\\services\\orchestrator.service.js:188:35)\n    at async OrchestratorService.processChatMessage (C:\\multi-agentic-system\\node-api\\services\\orchestrator.service.js:297:34)\n    at async ChatController.processMessage (C:\\multi-agentic-system\\node-api\\controllers\\chat.controller.js:136:30)",
  "config": {
    "transitional": {
      "silentJSONParsing": true,
      "forcedJSONParsing": true,
      "clarifyTimeoutError": false
    },
    "adapter": [
      "xhr",
      "http",
      "fetch"
    ],
    "transformRequest": [
      null
    ],
    "transformResponse": [
      null
    ],
    "timeout": 0,
    "xsrfCookieName": "XSRF-TOKEN",
    "xsrfHeaderName": "X-XSRF-TOKEN",
    "maxContentLength": -1,
    "maxBodyLength": -1,
    "env": {},
    "headers": {
      "Accept": "application/json, text/plain, */*",
      "User-Agent": "axios/1.9.0",
      "Accept-Encoding": "gzip, compress, deflate, br"
    },
    "method": "get",
    "url": "http://localhost:5000/api/ml/team/77/members",
    "allowAbsoluteUrls": true
  },
  "code": "ERR_BAD_RESPONSE",
  "status": 500
}

[2025-06-09T02:41:02.255Z] [ORCHESTRATOR-ERROR] Error processing chat message
{
  "error": "Request failed with status code 500",
  "stack": "AxiosError: Request failed with status code 500\n    at settle (C:\\multi-agentic-system\\node-api\\node_modules\\axios\\dist\\node\\axios.cjs:2049:12)\n    at IncomingMessage.handleStreamEnd (C:\\multi-agentic-system\\node-api\\node_modules\\axios\\dist\\node\\axios.cjs:3166:11)\n    at IncomingMessage.emit (node:events:532:35)\n    at endReadableNT (node:internal/streams/readable:1696:12)\n    at process.processTicksAndRejections (node:internal/process/task_queues:90:21)\n    at Axios.request (C:\\multi-agentic-system\\node-api\\node_modules\\axios\\dist\\node\\axios.cjs:4276:41)\n    at process.processTicksAndRejections (node:internal/process/task_queues:105:5)\n    at async OrchestratorService._fetchTeamTools (C:\\multi-agentic-system\\node-api\\services\\orchestrator.service.js:142:34)\n    at async OrchestratorService._handleSystemQuestion (C:\\multi-agentic-system\\node-api\\services\\orchestrator.service.js:188:35)\n    at async OrchestratorService.processChatMessage (C:\\multi-agentic-system\\node-api\\services\\orchestrator.service.js:297:34)\n    at async ChatController.processMessage (C:\\multi-agentic-system\\node-api\\controllers\\chat.controller.js:136:30)",
  "userId": "user-1",
  "sessionId": 77
}

[2025-06-09T02:41:02.255Z] [ERROR] Error processing chat message
{
  "error": "Request failed with status code 500",
  "stack": "AxiosError: Request failed with status code 500\n    at settle (C:\\multi-agentic-system\\node-api\\node_modules\\axios\\dist\\node\\axios.cjs:2049:12)\n    at IncomingMessage.handleStreamEnd (C:\\multi-agentic-system\\node-api\\node_modules\\axios\\dist\\node\\axios.cjs:3166:11)\n    at IncomingMessage.emit (node:events:532:35)\n    at endReadableNT (node:internal/streams/readable:1696:12)\n    at process.processTicksAndRejections (node:internal/process/task_queues:90:21)\n    at Axios.request (C:\\multi-agentic-system\\node-api\\node_modules\\axios\\dist\\node\\axios.cjs:4276:41)\n    at process.processTicksAndRejections (node:internal/process/task_queues:105:5)\n    at async OrchestratorService._fetchTeamTools (C:\\multi-agentic-system\\node-api\\services\\orchestrator.service.js:142:34)\n    at async OrchestratorService._handleSystemQuestion (C:\\multi-agentic-system\\node-api\\services\\orchestrator.service.js:188:35)\n    at async OrchestratorService.processChatMessage (C:\\multi-agentic-system\\node-api\\services\\orchestrator.service.js:297:34)\n    at async ChatController.processMessage (C:\\multi-agentic-system\\node-api\\controllers\\chat.controller.js:136:30)"
}

[2025-06-09T02:45:01.685Z] [ERROR] Error fetching team tools
{
  "message": "Request failed with status code 500",
  "name": "AxiosError",
  "stack": "AxiosError: Request failed with status code 500\n    at settle (C:\\multi-agentic-system\\node-api\\node_modules\\axios\\dist\\node\\axios.cjs:2049:12)\n    at IncomingMessage.handleStreamEnd (C:\\multi-agentic-system\\node-api\\node_modules\\axios\\dist\\node\\axios.cjs:3166:11)\n    at IncomingMessage.emit (node:events:532:35)\n    at endReadableNT (node:internal/streams/readable:1696:12)\n    at process.processTicksAndRejections (node:internal/process/task_queues:90:21)\n    at Axios.request (C:\\multi-agentic-system\\node-api\\node_modules\\axios\\dist\\node\\axios.cjs:4276:41)\n    at process.processTicksAndRejections (node:internal/process/task_queues:105:5)\n    at async OrchestratorService._fetchTeamTools (C:\\multi-agentic-system\\node-api\\services\\orchestrator.service.js:142:34)\n    at async OrchestratorService._handleSystemQuestion (C:\\multi-agentic-system\\node-api\\services\\orchestrator.service.js:188:35)\n    at async OrchestratorService.processChatMessage (C:\\multi-agentic-system\\node-api\\services\\orchestrator.service.js:297:34)\n    at async ChatController.processMessage (C:\\multi-agentic-system\\node-api\\controllers\\chat.controller.js:136:30)",
  "config": {
    "transitional": {
      "silentJSONParsing": true,
      "forcedJSONParsing": true,
      "clarifyTimeoutError": false
    },
    "adapter": [
      "xhr",
      "http",
      "fetch"
    ],
    "transformRequest": [
      null
    ],
    "transformResponse": [
      null
    ],
    "timeout": 0,
    "xsrfCookieName": "XSRF-TOKEN",
    "xsrfHeaderName": "X-XSRF-TOKEN",
    "maxContentLength": -1,
    "maxBodyLength": -1,
    "env": {},
    "headers": {
      "Accept": "application/json, text/plain, */*",
      "User-Agent": "axios/1.9.0",
      "Accept-Encoding": "gzip, compress, deflate, br"
    },
    "method": "get",
    "url": "http://localhost:5000/api/ml/team/77/members",
    "allowAbsoluteUrls": true
  },
  "code": "ERR_BAD_RESPONSE",
  "status": 500
}

[2025-06-09T02:45:01.687Z] [ERROR] Error handling system question
{
  "message": "Request failed with status code 500",
  "name": "AxiosError",
  "stack": "AxiosError: Request failed with status code 500\n    at settle (C:\\multi-agentic-system\\node-api\\node_modules\\axios\\dist\\node\\axios.cjs:2049:12)\n    at IncomingMessage.handleStreamEnd (C:\\multi-agentic-system\\node-api\\node_modules\\axios\\dist\\node\\axios.cjs:3166:11)\n    at IncomingMessage.emit (node:events:532:35)\n    at endReadableNT (node:internal/streams/readable:1696:12)\n    at process.processTicksAndRejections (node:internal/process/task_queues:90:21)\n    at Axios.request (C:\\multi-agentic-system\\node-api\\node_modules\\axios\\dist\\node\\axios.cjs:4276:41)\n    at process.processTicksAndRejections (node:internal/process/task_queues:105:5)\n    at async OrchestratorService._fetchTeamTools (C:\\multi-agentic-system\\node-api\\services\\orchestrator.service.js:142:34)\n    at async OrchestratorService._handleSystemQuestion (C:\\multi-agentic-system\\node-api\\services\\orchestrator.service.js:188:35)\n    at async OrchestratorService.processChatMessage (C:\\multi-agentic-system\\node-api\\services\\orchestrator.service.js:297:34)\n    at async ChatController.processMessage (C:\\multi-agentic-system\\node-api\\controllers\\chat.controller.js:136:30)",
  "config": {
    "transitional": {
      "silentJSONParsing": true,
      "forcedJSONParsing": true,
      "clarifyTimeoutError": false
    },
    "adapter": [
      "xhr",
      "http",
      "fetch"
    ],
    "transformRequest": [
      null
    ],
    "transformResponse": [
      null
    ],
    "timeout": 0,
    "xsrfCookieName": "XSRF-TOKEN",
    "xsrfHeaderName": "X-XSRF-TOKEN",
    "maxContentLength": -1,
    "maxBodyLength": -1,
    "env": {},
    "headers": {
      "Accept": "application/json, text/plain, */*",
      "User-Agent": "axios/1.9.0",
      "Accept-Encoding": "gzip, compress, deflate, br"
    },
    "method": "get",
    "url": "http://localhost:5000/api/ml/team/77/members",
    "allowAbsoluteUrls": true
  },
  "code": "ERR_BAD_RESPONSE",
  "status": 500
}

[2025-06-09T02:45:01.688Z] [ORCHESTRATOR-ERROR] Error processing chat message
{
  "error": "Request failed with status code 500",
  "stack": "AxiosError: Request failed with status code 500\n    at settle (C:\\multi-agentic-system\\node-api\\node_modules\\axios\\dist\\node\\axios.cjs:2049:12)\n    at IncomingMessage.handleStreamEnd (C:\\multi-agentic-system\\node-api\\node_modules\\axios\\dist\\node\\axios.cjs:3166:11)\n    at IncomingMessage.emit (node:events:532:35)\n    at endReadableNT (node:internal/streams/readable:1696:12)\n    at process.processTicksAndRejections (node:internal/process/task_queues:90:21)\n    at Axios.request (C:\\multi-agentic-system\\node-api\\node_modules\\axios\\dist\\node\\axios.cjs:4276:41)\n    at process.processTicksAndRejections (node:internal/process/task_queues:105:5)\n    at async OrchestratorService._fetchTeamTools (C:\\multi-agentic-system\\node-api\\services\\orchestrator.service.js:142:34)\n    at async OrchestratorService._handleSystemQuestion (C:\\multi-agentic-system\\node-api\\services\\orchestrator.service.js:188:35)\n    at async OrchestratorService.processChatMessage (C:\\multi-agentic-system\\node-api\\services\\orchestrator.service.js:297:34)\n    at async ChatController.processMessage (C:\\multi-agentic-system\\node-api\\controllers\\chat.controller.js:136:30)",
  "userId": "user-1",
  "sessionId": 77
}

[2025-06-09T02:45:01.689Z] [ERROR] Error processing chat message
{
  "error": "Request failed with status code 500",
  "stack": "AxiosError: Request failed with status code 500\n    at settle (C:\\multi-agentic-system\\node-api\\node_modules\\axios\\dist\\node\\axios.cjs:2049:12)\n    at IncomingMessage.handleStreamEnd (C:\\multi-agentic-system\\node-api\\node_modules\\axios\\dist\\node\\axios.cjs:3166:11)\n    at IncomingMessage.emit (node:events:532:35)\n    at endReadableNT (node:internal/streams/readable:1696:12)\n    at process.processTicksAndRejections (node:internal/process/task_queues:90:21)\n    at Axios.request (C:\\multi-agentic-system\\node-api\\node_modules\\axios\\dist\\node\\axios.cjs:4276:41)\n    at process.processTicksAndRejections (node:internal/process/task_queues:105:5)\n    at async OrchestratorService._fetchTeamTools (C:\\multi-agentic-system\\node-api\\services\\orchestrator.service.js:142:34)\n    at async OrchestratorService._handleSystemQuestion (C:\\multi-agentic-system\\node-api\\services\\orchestrator.service.js:188:35)\n    at async OrchestratorService.processChatMessage (C:\\multi-agentic-system\\node-api\\services\\orchestrator.service.js:297:34)\n    at async ChatController.processMessage (C:\\multi-agentic-system\\node-api\\controllers\\chat.controller.js:136:30)"
}

[2025-06-09T02:49:40.126Z] [ERROR] Error fetching team tools
{
  "message": "Request failed with status code 500",
  "name": "AxiosError",
  "stack": "AxiosError: Request failed with status code 500\n    at settle (C:\\multi-agentic-system\\node-api\\node_modules\\axios\\dist\\node\\axios.cjs:2049:12)\n    at IncomingMessage.handleStreamEnd (C:\\multi-agentic-system\\node-api\\node_modules\\axios\\dist\\node\\axios.cjs:3166:11)\n    at IncomingMessage.emit (node:events:532:35)\n    at endReadableNT (node:internal/streams/readable:1696:12)\n    at process.processTicksAndRejections (node:internal/process/task_queues:90:21)\n    at Axios.request (C:\\multi-agentic-system\\node-api\\node_modules\\axios\\dist\\node\\axios.cjs:4276:41)\n    at process.processTicksAndRejections (node:internal/process/task_queues:105:5)\n    at async OrchestratorService._fetchTeamTools (C:\\multi-agentic-system\\node-api\\services\\orchestrator.service.js:142:34)\n    at async OrchestratorService._handleSystemQuestion (C:\\multi-agentic-system\\node-api\\services\\orchestrator.service.js:188:35)\n    at async OrchestratorService.processChatMessage (C:\\multi-agentic-system\\node-api\\services\\orchestrator.service.js:297:34)\n    at async ChatController.processMessage (C:\\multi-agentic-system\\node-api\\controllers\\chat.controller.js:136:30)",
  "config": {
    "transitional": {
      "silentJSONParsing": true,
      "forcedJSONParsing": true,
      "clarifyTimeoutError": false
    },
    "adapter": [
      "xhr",
      "http",
      "fetch"
    ],
    "transformRequest": [
      null
    ],
    "transformResponse": [
      null
    ],
    "timeout": 0,
    "xsrfCookieName": "XSRF-TOKEN",
    "xsrfHeaderName": "X-XSRF-TOKEN",
    "maxContentLength": -1,
    "maxBodyLength": -1,
    "env": {},
    "headers": {
      "Accept": "application/json, text/plain, */*",
      "User-Agent": "axios/1.9.0",
      "Accept-Encoding": "gzip, compress, deflate, br"
    },
    "method": "get",
    "url": "http://localhost:5000/api/ml/team/77/members",
    "allowAbsoluteUrls": true
  },
  "code": "ERR_BAD_RESPONSE",
  "status": 500
}

[2025-06-09T02:49:40.128Z] [ERROR] Error handling system question
{
  "message": "Request failed with status code 500",
  "name": "AxiosError",
  "stack": "AxiosError: Request failed with status code 500\n    at settle (C:\\multi-agentic-system\\node-api\\node_modules\\axios\\dist\\node\\axios.cjs:2049:12)\n    at IncomingMessage.handleStreamEnd (C:\\multi-agentic-system\\node-api\\node_modules\\axios\\dist\\node\\axios.cjs:3166:11)\n    at IncomingMessage.emit (node:events:532:35)\n    at endReadableNT (node:internal/streams/readable:1696:12)\n    at process.processTicksAndRejections (node:internal/process/task_queues:90:21)\n    at Axios.request (C:\\multi-agentic-system\\node-api\\node_modules\\axios\\dist\\node\\axios.cjs:4276:41)\n    at process.processTicksAndRejections (node:internal/process/task_queues:105:5)\n    at async OrchestratorService._fetchTeamTools (C:\\multi-agentic-system\\node-api\\services\\orchestrator.service.js:142:34)\n    at async OrchestratorService._handleSystemQuestion (C:\\multi-agentic-system\\node-api\\services\\orchestrator.service.js:188:35)\n    at async OrchestratorService.processChatMessage (C:\\multi-agentic-system\\node-api\\services\\orchestrator.service.js:297:34)\n    at async ChatController.processMessage (C:\\multi-agentic-system\\node-api\\controllers\\chat.controller.js:136:30)",
  "config": {
    "transitional": {
      "silentJSONParsing": true,
      "forcedJSONParsing": true,
      "clarifyTimeoutError": false
    },
    "adapter": [
      "xhr",
      "http",
      "fetch"
    ],
    "transformRequest": [
      null
    ],
    "transformResponse": [
      null
    ],
    "timeout": 0,
    "xsrfCookieName": "XSRF-TOKEN",
    "xsrfHeaderName": "X-XSRF-TOKEN",
    "maxContentLength": -1,
    "maxBodyLength": -1,
    "env": {},
    "headers": {
      "Accept": "application/json, text/plain, */*",
      "User-Agent": "axios/1.9.0",
      "Accept-Encoding": "gzip, compress, deflate, br"
    },
    "method": "get",
    "url": "http://localhost:5000/api/ml/team/77/members",
    "allowAbsoluteUrls": true
  },
  "code": "ERR_BAD_RESPONSE",
  "status": 500
}

[2025-06-09T02:49:40.130Z] [ORCHESTRATOR-ERROR] Error processing chat message
{
  "error": "Request failed with status code 500",
  "stack": "AxiosError: Request failed with status code 500\n    at settle (C:\\multi-agentic-system\\node-api\\node_modules\\axios\\dist\\node\\axios.cjs:2049:12)\n    at IncomingMessage.handleStreamEnd (C:\\multi-agentic-system\\node-api\\node_modules\\axios\\dist\\node\\axios.cjs:3166:11)\n    at IncomingMessage.emit (node:events:532:35)\n    at endReadableNT (node:internal/streams/readable:1696:12)\n    at process.processTicksAndRejections (node:internal/process/task_queues:90:21)\n    at Axios.request (C:\\multi-agentic-system\\node-api\\node_modules\\axios\\dist\\node\\axios.cjs:4276:41)\n    at process.processTicksAndRejections (node:internal/process/task_queues:105:5)\n    at async OrchestratorService._fetchTeamTools (C:\\multi-agentic-system\\node-api\\services\\orchestrator.service.js:142:34)\n    at async OrchestratorService._handleSystemQuestion (C:\\multi-agentic-system\\node-api\\services\\orchestrator.service.js:188:35)\n    at async OrchestratorService.processChatMessage (C:\\multi-agentic-system\\node-api\\services\\orchestrator.service.js:297:34)\n    at async ChatController.processMessage (C:\\multi-agentic-system\\node-api\\controllers\\chat.controller.js:136:30)",
  "userId": "user-1",
  "sessionId": 77
}

[2025-06-09T02:49:40.130Z] [ERROR] Error processing chat message
{
  "error": "Request failed with status code 500",
  "stack": "AxiosError: Request failed with status code 500\n    at settle (C:\\multi-agentic-system\\node-api\\node_modules\\axios\\dist\\node\\axios.cjs:2049:12)\n    at IncomingMessage.handleStreamEnd (C:\\multi-agentic-system\\node-api\\node_modules\\axios\\dist\\node\\axios.cjs:3166:11)\n    at IncomingMessage.emit (node:events:532:35)\n    at endReadableNT (node:internal/streams/readable:1696:12)\n    at process.processTicksAndRejections (node:internal/process/task_queues:90:21)\n    at Axios.request (C:\\multi-agentic-system\\node-api\\node_modules\\axios\\dist\\node\\axios.cjs:4276:41)\n    at process.processTicksAndRejections (node:internal/process/task_queues:105:5)\n    at async OrchestratorService._fetchTeamTools (C:\\multi-agentic-system\\node-api\\services\\orchestrator.service.js:142:34)\n    at async OrchestratorService._handleSystemQuestion (C:\\multi-agentic-system\\node-api\\services\\orchestrator.service.js:188:35)\n    at async OrchestratorService.processChatMessage (C:\\multi-agentic-system\\node-api\\services\\orchestrator.service.js:297:34)\n    at async ChatController.processMessage (C:\\multi-agentic-system\\node-api\\controllers\\chat.controller.js:136:30)"
}

[2025-06-09T02:51:29.782Z] [ERROR] Error fetching team tools
{
  "message": "Request failed with status code 500",
  "name": "AxiosError",
  "stack": "AxiosError: Request failed with status code 500\n    at settle (C:\\multi-agentic-system\\node-api\\node_modules\\axios\\dist\\node\\axios.cjs:2049:12)\n    at IncomingMessage.handleStreamEnd (C:\\multi-agentic-system\\node-api\\node_modules\\axios\\dist\\node\\axios.cjs:3166:11)\n    at IncomingMessage.emit (node:events:532:35)\n    at endReadableNT (node:internal/streams/readable:1696:12)\n    at process.processTicksAndRejections (node:internal/process/task_queues:90:21)\n    at Axios.request (C:\\multi-agentic-system\\node-api\\node_modules\\axios\\dist\\node\\axios.cjs:4276:41)\n    at process.processTicksAndRejections (node:internal/process/task_queues:105:5)\n    at async OrchestratorService._fetchTeamTools (C:\\multi-agentic-system\\node-api\\services\\orchestrator.service.js:142:34)\n    at async OrchestratorService._handleSystemQuestion (C:\\multi-agentic-system\\node-api\\services\\orchestrator.service.js:226:35)\n    at async OrchestratorService.processChatMessage (C:\\multi-agentic-system\\node-api\\services\\orchestrator.service.js:335:34)\n    at async ChatController.processMessage (C:\\multi-agentic-system\\node-api\\controllers\\chat.controller.js:136:30)",
  "config": {
    "transitional": {
      "silentJSONParsing": true,
      "forcedJSONParsing": true,
      "clarifyTimeoutError": false
    },
    "adapter": [
      "xhr",
      "http",
      "fetch"
    ],
    "transformRequest": [
      null
    ],
    "transformResponse": [
      null
    ],
    "timeout": 0,
    "xsrfCookieName": "XSRF-TOKEN",
    "xsrfHeaderName": "X-XSRF-TOKEN",
    "maxContentLength": -1,
    "maxBodyLength": -1,
    "env": {},
    "headers": {
      "Accept": "application/json, text/plain, */*",
      "User-Agent": "axios/1.9.0",
      "Accept-Encoding": "gzip, compress, deflate, br"
    },
    "method": "get",
    "url": "http://localhost:5000/api/ml/team/77/members",
    "allowAbsoluteUrls": true
  },
  "code": "ERR_BAD_RESPONSE",
  "status": 500
}

[2025-06-09T02:57:01.695Z] [ERROR] Error fetching team tools
{
  "message": "Request failed with status code 500",
  "name": "AxiosError",
  "stack": "AxiosError: Request failed with status code 500\n    at settle (C:\\multi-agentic-system\\node-api\\node_modules\\axios\\dist\\node\\axios.cjs:2049:12)\n    at IncomingMessage.handleStreamEnd (C:\\multi-agentic-system\\node-api\\node_modules\\axios\\dist\\node\\axios.cjs:3166:11)\n    at IncomingMessage.emit (node:events:532:35)\n    at endReadableNT (node:internal/streams/readable:1696:12)\n    at process.processTicksAndRejections (node:internal/process/task_queues:90:21)\n    at Axios.request (C:\\multi-agentic-system\\node-api\\node_modules\\axios\\dist\\node\\axios.cjs:4276:41)\n    at process.processTicksAndRejections (node:internal/process/task_queues:105:5)\n    at async OrchestratorService._fetchTeamTools (C:\\multi-agentic-system\\node-api\\services\\orchestrator.service.js:142:34)\n    at async OrchestratorService._handleSystemQuestion (C:\\multi-agentic-system\\node-api\\services\\orchestrator.service.js:226:35)\n    at async OrchestratorService.processChatMessage (C:\\multi-agentic-system\\node-api\\services\\orchestrator.service.js:335:34)\n    at async ChatController.processMessage (C:\\multi-agentic-system\\node-api\\controllers\\chat.controller.js:136:30)",
  "config": {
    "transitional": {
      "silentJSONParsing": true,
      "forcedJSONParsing": true,
      "clarifyTimeoutError": false
    },
    "adapter": [
      "xhr",
      "http",
      "fetch"
    ],
    "transformRequest": [
      null
    ],
    "transformResponse": [
      null
    ],
    "timeout": 0,
    "xsrfCookieName": "XSRF-TOKEN",
    "xsrfHeaderName": "X-XSRF-TOKEN",
    "maxContentLength": -1,
    "maxBodyLength": -1,
    "env": {},
    "headers": {
      "Accept": "application/json, text/plain, */*",
      "User-Agent": "axios/1.9.0",
      "Accept-Encoding": "gzip, compress, deflate, br"
    },
    "method": "get",
    "url": "http://localhost:5000/api/ml/team/77/members",
    "allowAbsoluteUrls": true
  },
  "code": "ERR_BAD_RESPONSE",
  "status": 500
}

[2025-06-09T03:02:16.703Z] [ERROR] Error fetching team tools
{
  "message": "Request failed with status code 500",
  "name": "AxiosError",
  "stack": "AxiosError: Request failed with status code 500\n    at settle (C:\\multi-agentic-system\\node-api\\node_modules\\axios\\dist\\node\\axios.cjs:2049:12)\n    at IncomingMessage.handleStreamEnd (C:\\multi-agentic-system\\node-api\\node_modules\\axios\\dist\\node\\axios.cjs:3166:11)\n    at IncomingMessage.emit (node:events:532:35)\n    at endReadableNT (node:internal/streams/readable:1696:12)\n    at process.processTicksAndRejections (node:internal/process/task_queues:90:21)\n    at Axios.request (C:\\multi-agentic-system\\node-api\\node_modules\\axios\\dist\\node\\axios.cjs:4276:41)\n    at process.processTicksAndRejections (node:internal/process/task_queues:105:5)\n    at async OrchestratorService._fetchTeamTools (C:\\multi-agentic-system\\node-api\\services\\orchestrator.service.js:142:34)\n    at async OrchestratorService._handleSystemQuestion (C:\\multi-agentic-system\\node-api\\services\\orchestrator.service.js:226:35)\n    at async OrchestratorService.processChatMessage (C:\\multi-agentic-system\\node-api\\services\\orchestrator.service.js:335:34)\n    at async ChatController.processMessage (C:\\multi-agentic-system\\node-api\\controllers\\chat.controller.js:136:30)",
  "config": {
    "transitional": {
      "silentJSONParsing": true,
      "forcedJSONParsing": true,
      "clarifyTimeoutError": false
    },
    "adapter": [
      "xhr",
      "http",
      "fetch"
    ],
    "transformRequest": [
      null
    ],
    "transformResponse": [
      null
    ],
    "timeout": 0,
    "xsrfCookieName": "XSRF-TOKEN",
    "xsrfHeaderName": "X-XSRF-TOKEN",
    "maxContentLength": -1,
    "maxBodyLength": -1,
    "env": {},
    "headers": {
      "Accept": "application/json, text/plain, */*",
      "User-Agent": "axios/1.9.0",
      "Accept-Encoding": "gzip, compress, deflate, br"
    },
    "method": "get",
    "url": "http://localhost:5000/api/ml/team/77/members",
    "allowAbsoluteUrls": true
  },
  "code": "ERR_BAD_RESPONSE",
  "status": 500
}

[2025-06-09T03:03:42.943Z] [ERROR] Error fetching team tools
{
  "message": "Request failed with status code 500",
  "name": "AxiosError",
  "stack": "AxiosError: Request failed with status code 500\n    at settle (C:\\multi-agentic-system\\node-api\\node_modules\\axios\\dist\\node\\axios.cjs:2049:12)\n    at IncomingMessage.handleStreamEnd (C:\\multi-agentic-system\\node-api\\node_modules\\axios\\dist\\node\\axios.cjs:3166:11)\n    at IncomingMessage.emit (node:events:532:35)\n    at endReadableNT (node:internal/streams/readable:1696:12)\n    at process.processTicksAndRejections (node:internal/process/task_queues:90:21)\n    at Axios.request (C:\\multi-agentic-system\\node-api\\node_modules\\axios\\dist\\node\\axios.cjs:4276:41)\n    at process.processTicksAndRejections (node:internal/process/task_queues:105:5)\n    at async OrchestratorService._fetchTeamTools (C:\\multi-agentic-system\\node-api\\services\\orchestrator.service.js:142:34)\n    at async OrchestratorService._handleSystemQuestion (C:\\multi-agentic-system\\node-api\\services\\orchestrator.service.js:240:35)\n    at async OrchestratorService.processChatMessage (C:\\multi-agentic-system\\node-api\\services\\orchestrator.service.js:366:34)\n    at async ChatController.processMessage (C:\\multi-agentic-system\\node-api\\controllers\\chat.controller.js:136:30)",
  "config": {
    "transitional": {
      "silentJSONParsing": true,
      "forcedJSONParsing": true,
      "clarifyTimeoutError": false
    },
    "adapter": [
      "xhr",
      "http",
      "fetch"
    ],
    "transformRequest": [
      null
    ],
    "transformResponse": [
      null
    ],
    "timeout": 0,
    "xsrfCookieName": "XSRF-TOKEN",
    "xsrfHeaderName": "X-XSRF-TOKEN",
    "maxContentLength": -1,
    "maxBodyLength": -1,
    "env": {},
    "headers": {
      "Accept": "application/json, text/plain, */*",
      "User-Agent": "axios/1.9.0",
      "Accept-Encoding": "gzip, compress, deflate, br"
    },
    "method": "get",
    "url": "http://localhost:5000/api/ml/team/77/members",
    "allowAbsoluteUrls": true
  },
  "code": "ERR_BAD_RESPONSE",
  "status": 500
}

[2025-06-09T03:29:39.368Z] [ERROR] Error fetching team tools
{
  "message": "Request failed with status code 500",
  "name": "AxiosError",
  "stack": "AxiosError: Request failed with status code 500\n    at settle (C:\\multi-agentic-system\\node-api\\node_modules\\axios\\dist\\node\\axios.cjs:2049:12)\n    at IncomingMessage.handleStreamEnd (C:\\multi-agentic-system\\node-api\\node_modules\\axios\\dist\\node\\axios.cjs:3166:11)\n    at IncomingMessage.emit (node:events:532:35)\n    at endReadableNT (node:internal/streams/readable:1696:12)\n    at process.processTicksAndRejections (node:internal/process/task_queues:90:21)\n    at Axios.request (C:\\multi-agentic-system\\node-api\\node_modules\\axios\\dist\\node\\axios.cjs:4276:41)\n    at process.processTicksAndRejections (node:internal/process/task_queues:105:5)\n    at async OrchestratorService._fetchTeamTools (C:\\multi-agentic-system\\node-api\\services\\orchestrator.service.js:157:34)\n    at async OrchestratorService._handleSystemQuestion (C:\\multi-agentic-system\\node-api\\services\\orchestrator.service.js:266:35)\n    at async OrchestratorService.processChatMessage (C:\\multi-agentic-system\\node-api\\services\\orchestrator.service.js:455:34)\n    at async ChatController.processMessage (C:\\multi-agentic-system\\node-api\\controllers\\chat.controller.js:136:30)",
  "config": {
    "transitional": {
      "silentJSONParsing": true,
      "forcedJSONParsing": true,
      "clarifyTimeoutError": false
    },
    "adapter": [
      "xhr",
      "http",
      "fetch"
    ],
    "transformRequest": [
      null
    ],
    "transformResponse": [
      null
    ],
    "timeout": 0,
    "xsrfCookieName": "XSRF-TOKEN",
    "xsrfHeaderName": "X-XSRF-TOKEN",
    "maxContentLength": -1,
    "maxBodyLength": -1,
    "env": {},
    "headers": {
      "Accept": "application/json, text/plain, */*",
      "User-Agent": "axios/1.9.0",
      "Accept-Encoding": "gzip, compress, deflate, br"
    },
    "method": "get",
    "url": "http://localhost:5000/api/ml/team/77/members",
    "allowAbsoluteUrls": true
  },
  "code": "ERR_BAD_RESPONSE",
  "status": 500
}

[2025-06-09T03:36:39.643Z] [ERROR] Error fetching team tools
{
  "message": "Request failed with status code 500",
  "name": "AxiosError",
  "stack": "AxiosError: Request failed with status code 500\n    at settle (C:\\multi-agentic-system\\node-api\\node_modules\\axios\\dist\\node\\axios.cjs:2049:12)\n    at IncomingMessage.handleStreamEnd (C:\\multi-agentic-system\\node-api\\node_modules\\axios\\dist\\node\\axios.cjs:3166:11)\n    at IncomingMessage.emit (node:events:532:35)\n    at endReadableNT (node:internal/streams/readable:1696:12)\n    at process.processTicksAndRejections (node:internal/process/task_queues:90:21)\n    at Axios.request (C:\\multi-agentic-system\\node-api\\node_modules\\axios\\dist\\node\\axios.cjs:4276:41)\n    at process.processTicksAndRejections (node:internal/process/task_queues:105:5)\n    at async OrchestratorService._fetchTeamTools (C:\\multi-agentic-system\\node-api\\services\\orchestrator.service.js:157:34)\n    at async OrchestratorService._handleSystemQuestion (C:\\multi-agentic-system\\node-api\\services\\orchestrator.service.js:266:35)\n    at async OrchestratorService.processChatMessage (C:\\multi-agentic-system\\node-api\\services\\orchestrator.service.js:455:34)\n    at async ChatController.processMessage (C:\\multi-agentic-system\\node-api\\controllers\\chat.controller.js:136:30)",
  "config": {
    "transitional": {
      "silentJSONParsing": true,
      "forcedJSONParsing": true,
      "clarifyTimeoutError": false
    },
    "adapter": [
      "xhr",
      "http",
      "fetch"
    ],
    "transformRequest": [
      null
    ],
    "transformResponse": [
      null
    ],
    "timeout": 0,
    "xsrfCookieName": "XSRF-TOKEN",
    "xsrfHeaderName": "X-XSRF-TOKEN",
    "maxContentLength": -1,
    "maxBodyLength": -1,
    "env": {},
    "headers": {
      "Accept": "application/json, text/plain, */*",
      "User-Agent": "axios/1.9.0",
      "Accept-Encoding": "gzip, compress, deflate, br"
    },
    "method": "get",
    "url": "http://localhost:5000/api/ml/team/77/members",
    "allowAbsoluteUrls": true
  },
  "code": "ERR_BAD_RESPONSE",
  "status": 500
}

[2025-06-09T03:38:17.050Z] [ERROR] Error fetching tools for agent 92
{
  "message": "Request failed with status code 404",
  "name": "AxiosError",
  "stack": "AxiosError: Request failed with status code 404\n    at settle (C:\\multi-agentic-system\\node-api\\node_modules\\axios\\dist\\node\\axios.cjs:2049:12)\n    at IncomingMessage.handleStreamEnd (C:\\multi-agentic-system\\node-api\\node_modules\\axios\\dist\\node\\axios.cjs:3166:11)\n    at IncomingMessage.emit (node:events:532:35)\n    at endReadableNT (node:internal/streams/readable:1696:12)\n    at process.processTicksAndRejections (node:internal/process/task_queues:90:21)\n    at Axios.request (C:\\multi-agentic-system\\node-api\\node_modules\\axios\\dist\\node\\axios.cjs:4276:41)\n    at process.processTicksAndRejections (node:internal/process/task_queues:105:5)\n    at async OrchestratorService._fetchTeamTools (C:\\multi-agentic-system\\node-api\\services\\orchestrator.service.js:175:40)\n    at async OrchestratorService._handleSystemQuestion (C:\\multi-agentic-system\\node-api\\services\\orchestrator.service.js:266:35)\n    at async OrchestratorService.processChatMessage (C:\\multi-agentic-system\\node-api\\services\\orchestrator.service.js:455:34)\n    at async ChatController.processMessage (C:\\multi-agentic-system\\node-api\\controllers\\chat.controller.js:136:30)",
  "config": {
    "transitional": {
      "silentJSONParsing": true,
      "forcedJSONParsing": true,
      "clarifyTimeoutError": false
    },
    "adapter": [
      "xhr",
      "http",
      "fetch"
    ],
    "transformRequest": [
      null
    ],
    "transformResponse": [
      null
    ],
    "timeout": 0,
    "xsrfCookieName": "XSRF-TOKEN",
    "xsrfHeaderName": "X-XSRF-TOKEN",
    "maxContentLength": -1,
    "maxBodyLength": -1,
    "env": {},
    "headers": {
      "Accept": "application/json, text/plain, */*",
      "User-Agent": "axios/1.9.0",
      "Accept-Encoding": "gzip, compress, deflate, br"
    },
    "method": "get",
    "url": "http://localhost:5000/api/ml/agents/92/tools",
    "allowAbsoluteUrls": true
  },
  "code": "ERR_BAD_REQUEST",
  "status": 404
}

[2025-06-09T03:40:02.897Z] [ERROR] Error fetching tools for agent 92
{
  "message": "Request failed with status code 404",
  "name": "AxiosError",
  "stack": "AxiosError: Request failed with status code 404\n    at settle (C:\\multi-agentic-system\\node-api\\node_modules\\axios\\dist\\node\\axios.cjs:2049:12)\n    at IncomingMessage.handleStreamEnd (C:\\multi-agentic-system\\node-api\\node_modules\\axios\\dist\\node\\axios.cjs:3166:11)\n    at IncomingMessage.emit (node:events:532:35)\n    at endReadableNT (node:internal/streams/readable:1696:12)\n    at process.processTicksAndRejections (node:internal/process/task_queues:90:21)\n    at Axios.request (C:\\multi-agentic-system\\node-api\\node_modules\\axios\\dist\\node\\axios.cjs:4276:41)\n    at process.processTicksAndRejections (node:internal/process/task_queues:105:5)\n    at async OrchestratorService._fetchTeamTools (C:\\multi-agentic-system\\node-api\\services\\orchestrator.service.js:175:40)\n    at async OrchestratorService._handleSystemQuestion (C:\\multi-agentic-system\\node-api\\services\\orchestrator.service.js:266:35)\n    at async OrchestratorService.processChatMessage (C:\\multi-agentic-system\\node-api\\services\\orchestrator.service.js:455:34)\n    at async ChatController.processMessage (C:\\multi-agentic-system\\node-api\\controllers\\chat.controller.js:136:30)",
  "config": {
    "transitional": {
      "silentJSONParsing": true,
      "forcedJSONParsing": true,
      "clarifyTimeoutError": false
    },
    "adapter": [
      "xhr",
      "http",
      "fetch"
    ],
    "transformRequest": [
      null
    ],
    "transformResponse": [
      null
    ],
    "timeout": 0,
    "xsrfCookieName": "XSRF-TOKEN",
    "xsrfHeaderName": "X-XSRF-TOKEN",
    "maxContentLength": -1,
    "maxBodyLength": -1,
    "env": {},
    "headers": {
      "Accept": "application/json, text/plain, */*",
      "User-Agent": "axios/1.9.0",
      "Accept-Encoding": "gzip, compress, deflate, br"
    },
    "method": "get",
    "url": "http://localhost:5000/api/ml/agents/92/tools",
    "allowAbsoluteUrls": true
  },
  "code": "ERR_BAD_REQUEST",
  "status": 404
}

[2025-06-09T03:44:42.307Z] [ERROR] Error fetching details for tool undefined
{
  "message": "Request failed with status code 404",
  "name": "AxiosError",
  "stack": "AxiosError: Request failed with status code 404\n    at settle (C:\\multi-agentic-system\\node-api\\node_modules\\axios\\dist\\node\\axios.cjs:2049:12)\n    at IncomingMessage.handleStreamEnd (C:\\multi-agentic-system\\node-api\\node_modules\\axios\\dist\\node\\axios.cjs:3166:11)\n    at IncomingMessage.emit (node:events:532:35)\n    at endReadableNT (node:internal/streams/readable:1696:12)\n    at process.processTicksAndRejections (node:internal/process/task_queues:90:21)\n    at Axios.request (C:\\multi-agentic-system\\node-api\\node_modules\\axios\\dist\\node\\axios.cjs:4276:41)\n    at process.processTicksAndRejections (node:internal/process/task_queues:105:5)\n    at async OrchestratorService._fetchTeamTools (C:\\multi-agentic-system\\node-api\\services\\orchestrator.service.js:180:53)\n    at async OrchestratorService._handleSystemQuestion (C:\\multi-agentic-system\\node-api\\services\\orchestrator.service.js:266:35)\n    at async OrchestratorService.processChatMessage (C:\\multi-agentic-system\\node-api\\services\\orchestrator.service.js:455:34)\n    at async ChatController.processMessage (C:\\multi-agentic-system\\node-api\\controllers\\chat.controller.js:136:30)",
  "config": {
    "transitional": {
      "silentJSONParsing": true,
      "forcedJSONParsing": true,
      "clarifyTimeoutError": false
    },
    "adapter": [
      "xhr",
      "http",
      "fetch"
    ],
    "transformRequest": [
      null
    ],
    "transformResponse": [
      null
    ],
    "timeout": 0,
    "xsrfCookieName": "XSRF-TOKEN",
    "xsrfHeaderName": "X-XSRF-TOKEN",
    "maxContentLength": -1,
    "maxBodyLength": -1,
    "env": {},
    "headers": {
      "Accept": "application/json, text/plain, */*",
      "User-Agent": "axios/1.9.0",
      "Accept-Encoding": "gzip, compress, deflate, br"
    },
    "method": "get",
    "url": "http://localhost:5000/api/ml/tools/undefined",
    "allowAbsoluteUrls": true
  },
  "code": "ERR_BAD_REQUEST",
  "status": 404
}

[2025-06-09T03:47:39.866Z] [ERROR] Error fetching details for tool undefined
{
  "message": "Request failed with status code 404",
  "name": "AxiosError",
  "stack": "AxiosError: Request failed with status code 404\n    at settle (C:\\multi-agentic-system\\node-api\\node_modules\\axios\\dist\\node\\axios.cjs:2049:12)\n    at IncomingMessage.handleStreamEnd (C:\\multi-agentic-system\\node-api\\node_modules\\axios\\dist\\node\\axios.cjs:3166:11)\n    at IncomingMessage.emit (node:events:532:35)\n    at endReadableNT (node:internal/streams/readable:1696:12)\n    at process.processTicksAndRejections (node:internal/process/task_queues:90:21)\n    at Axios.request (C:\\multi-agentic-system\\node-api\\node_modules\\axios\\dist\\node\\axios.cjs:4276:41)\n    at process.processTicksAndRejections (node:internal/process/task_queues:105:5)\n    at async OrchestratorService._fetchTeamTools (C:\\multi-agentic-system\\node-api\\services\\orchestrator.service.js:180:53)\n    at async OrchestratorService._handleSystemQuestion (C:\\multi-agentic-system\\node-api\\services\\orchestrator.service.js:266:35)\n    at async OrchestratorService.processChatMessage (C:\\multi-agentic-system\\node-api\\services\\orchestrator.service.js:455:34)\n    at async ChatController.processMessage (C:\\multi-agentic-system\\node-api\\controllers\\chat.controller.js:136:30)",
  "config": {
    "transitional": {
      "silentJSONParsing": true,
      "forcedJSONParsing": true,
      "clarifyTimeoutError": false
    },
    "adapter": [
      "xhr",
      "http",
      "fetch"
    ],
    "transformRequest": [
      null
    ],
    "transformResponse": [
      null
    ],
    "timeout": 0,
    "xsrfCookieName": "XSRF-TOKEN",
    "xsrfHeaderName": "X-XSRF-TOKEN",
    "maxContentLength": -1,
    "maxBodyLength": -1,
    "env": {},
    "headers": {
      "Accept": "application/json, text/plain, */*",
      "User-Agent": "axios/1.9.0",
      "Accept-Encoding": "gzip, compress, deflate, br"
    },
    "method": "get",
    "url": "http://localhost:5000/api/ml/tools/undefined",
    "allowAbsoluteUrls": true
  },
  "code": "ERR_BAD_REQUEST",
  "status": 404
}

